Copyright 1986-2020 Xilinx, Inc. All Rights Reserved.
-----------------------------------------------------------------------------------------
| Tool Version : Vivado v.2020.2 (lin64) Build 3064766 Wed Nov 18 09:12:47 MST 2020
| Date         : Thu Apr 28 16:07:04 2022
| Host         : cmts1.cmts running 64-bit Ubuntu 18.04.5 LTS
| Command      : report_control_sets -verbose -file bd_0_wrapper_control_sets_placed.rpt
| Design       : bd_0_wrapper
| Device       : xcu200
-----------------------------------------------------------------------------------------

Control Set Information

Table of Contents
-----------------
1. Summary
2. Histogram
3. Flip-Flop Distribution
4. Detailed Control Set Information

1. Summary
----------

+----------------------------------------------------------+-------+
|                          Status                          | Count |
+----------------------------------------------------------+-------+
| Total control sets                                       |   293 |
|    Minimum number of control sets                        |    93 |
|    Addition due to synthesis replication                 |     0 |
|    Addition due to physical synthesis replication        |   200 |
| Unused register locations in slices containing registers |   376 |
+----------------------------------------------------------+-------+
* Control sets can be merged at opt_design using control_set_merge or merge_equivalent_drivers
** Run report_qor_suggestions for automated merging and remapping suggestions


2. Histogram
------------

+--------------------+-------+
|       Fanout       | Count |
+--------------------+-------+
| Total control sets |   293 |
| >= 0 to < 4        |    56 |
| >= 4 to < 6        |    38 |
| >= 6 to < 8        |    23 |
| >= 8 to < 10       |    30 |
| >= 10 to < 12      |    14 |
| >= 12 to < 14      |    12 |
| >= 14 to < 16      |     5 |
| >= 16              |   115 |
+--------------------+-------+
* Control sets can be remapped at either synth_design or opt_design


3. Flip-Flop Distribution
-------------------------

+--------------+-----------------------+------------------------+-----------------+--------------+
| Clock Enable | Synchronous Set/Reset | Asynchronous Set/Reset | Total Registers | Total Slices |
+--------------+-----------------------+------------------------+-----------------+--------------+
| No           | No                    | No                     |             135 |           81 |
| No           | No                    | Yes                    |               0 |            0 |
| No           | Yes                   | No                     |             361 |          103 |
| Yes          | No                    | No                     |            4128 |          625 |
| Yes          | No                    | Yes                    |               0 |            0 |
| Yes          | Yes                   | No                     |            3612 |          664 |
+--------------+-----------------------+------------------------+-----------------+--------------+


4. Detailed Control Set Information
-----------------------------------

+--------------+---------------------------------------------------------------------------------------------------------------+-------------------------------------------------------------------------------------------+------------------+----------------+--------------+
| Clock Signal |                                                 Enable Signal                                                 |                                      Set/Reset Signal                                     | Slice Load Count | Bel Load Count | Bels / Slice |
+--------------+---------------------------------------------------------------------------------------------------------------+-------------------------------------------------------------------------------------------+------------------+----------------+--------------+
|  ap_clk      | bd_0_i/hls_inst/inst/gmem1_m_axi_U/bus_write/bus_equal_gen.fifo_burst/pop0                                    | bd_0_i/hls_inst/inst/ap_rst_n_inv_repN_19                                                 |                1 |              1 |         1.00 |
|  ap_clk      | bd_0_i/hls_inst/inst/gmem1_m_axi_U/bus_write/buff_wdata/mOutPtr[7]_i_1__2_n_3                                 | bd_0_i/hls_inst/inst/ap_rst_n_inv_repN_19                                                 |                1 |              1 |         1.00 |
|  ap_clk      |                                                                                                               | bd_0_i/hls_inst/inst/ap_rst_n_inv_repN_7                                                  |                1 |              1 |         1.00 |
|  ap_clk      |                                                                                                               | bd_0_i/hls_inst/inst/ap_rst_n_inv_repN_1                                                  |                1 |              1 |         1.00 |
|  ap_clk      | bd_0_i/hls_inst/inst/gmem_m_axi_U/bus_read/fifo_rctl/E[0]                                                     | bd_0_i/hls_inst/inst/ap_rst_n_inv_repN_4                                                  |                1 |              1 |         1.00 |
|  ap_clk      | bd_0_i/hls_inst/inst/gmem1_m_axi_U/bus_write/buff_wdata/p_30_in                                               | bd_0_i/hls_inst/inst/ap_rst_n_inv_repN_18                                                 |                1 |              1 |         1.00 |
|  ap_clk      | bd_0_i/hls_inst/inst/gmem1_m_axi_U/bus_write/buff_wdata/p_30_in                                               | bd_0_i/hls_inst/inst/ap_rst_n_inv_repN_21                                                 |                1 |              1 |         1.00 |
|  ap_clk      | bd_0_i/hls_inst/inst/gmem1_m_axi_U/bus_write/fifo_resp_to_user/pout[6]_i_1__5_n_3                             | bd_0_i/hls_inst/inst/ap_rst_n_inv_repN_13                                                 |                1 |              1 |         1.00 |
|  ap_clk      | bd_0_i/hls_inst/inst/gmem1_m_axi_U/wreq_throttle/throttl_cnt[8]_i_1_n_3                                       | bd_0_i/hls_inst/inst/ap_rst_n_inv_repN_19                                                 |                1 |              1 |         1.00 |
|  ap_clk      | bd_0_i/hls_inst/inst/gmem_m_axi_U/bus_read/bus_wide_gen.fifo_burst/pout[6]_i_1__1_n_3                         | bd_0_i/hls_inst/inst/ap_rst_n_inv_repN                                                    |                1 |              1 |         1.00 |
|  ap_clk      | bd_0_i/hls_inst/inst/gmem_m_axi_U/bus_read/bus_wide_gen.fifo_burst/pop0                                       | bd_0_i/hls_inst/inst/ap_rst_n_inv_repN_11                                                 |                1 |              1 |         1.00 |
|  ap_clk      | bd_0_i/hls_inst/inst/gmem1_m_axi_U/bus_write/fifo_resp/push                                                   | bd_0_i/hls_inst/inst/gmem1_m_axi_U/bus_write/bus_equal_gen.fifo_burst/SR[0]               |                1 |              2 |         2.00 |
|  ap_clk      | bd_0_i/hls_inst/inst/gmem_m_axi_U/bus_read/bus_wide_gen.fifo_burst/E[0]                                       | bd_0_i/hls_inst/inst/gmem_m_axi_U/bus_read/bus_wide_gen.fifo_burst/ap_rst_n_inv_reg[0]    |                1 |              2 |         2.00 |
|  ap_clk      | bd_0_i/hls_inst/inst/mul_1_2_8_9_128_U0/E[0]                                                                  | bd_0_i/hls_inst/inst/ap_rst_n_inv_repN_14                                                 |                1 |              2 |         2.00 |
|  ap_clk      | bd_0_i/hls_inst/inst/read_w_1_8_U0/icmp_ln35_reg_1270                                                         |                                                                                           |                1 |              2 |         2.00 |
|  ap_clk      | bd_0_i/hls_inst/inst/read_x_2_8_U0/icmp_ln62_reg_1820                                                         |                                                                                           |                1 |              2 |         2.00 |
|  ap_clk      | bd_0_i/hls_inst/inst/add_2_16_9_128_U0/ap_enable_reg_pp2_iter2_reg_1[0]                                       | bd_0_i/hls_inst/inst/ap_rst_n_inv_repN_14                                                 |                1 |              2 |         2.00 |
|  ap_clk      | bd_0_i/hls_inst/inst/add_2_16_9_128_U0/E[0]                                                                   | bd_0_i/hls_inst/inst/ap_rst_n_inv_repN_14                                                 |                1 |              2 |         2.00 |
|  ap_clk      | bd_0_i/hls_inst/inst/gmem1_m_axi_U/bus_write/fifo_resp/push                                                   |                                                                                           |                1 |              2 |         2.00 |
|  ap_clk      | bd_0_i/hls_inst/inst/serialize_2_16_128_U0/E[0]                                                               | bd_0_i/hls_inst/inst/ap_rst_n_inv_repN_14                                                 |                1 |              2 |         2.00 |
|  ap_clk      | bd_0_i/hls_inst/inst/control_s_axi_U/int_ier10_out                                                            | bd_0_i/hls_inst/inst/ap_rst_n_inv_repN_12                                                 |                1 |              2 |         2.00 |
|  ap_clk      | bd_0_i/hls_inst/inst/broadcast_1_1_2_8_1152_U0/E[0]                                                           | bd_0_i/hls_inst/inst/ap_rst_n_inv_repN_14                                                 |                1 |              2 |         2.00 |
|  ap_clk      | bd_0_i/hls_inst/inst/add_2_16_9_128_U0/p_14_in                                                                |                                                                                           |                1 |              2 |         2.00 |
|  ap_clk      | bd_0_i/hls_inst/inst/start_for_add_2_16_9_128_U0_U/mOutPtr[1]_i_1__12_n_3                                     | bd_0_i/hls_inst/inst/ap_rst_n_inv_repN_14                                                 |                1 |              2 |         2.00 |
|  ap_clk      | bd_0_i/hls_inst/inst/mul_1_2_8_9_128_U0/ap_CS_fsm_pp0_stage3                                                  |                                                                                           |                1 |              2 |         2.00 |
|  ap_clk      | bd_0_i/hls_inst/inst/control_s_axi_U/int_x3[31]_i_1_n_3                                                       | bd_0_i/hls_inst/inst/ap_rst_n_inv_repN_9                                                  |                1 |              2 |         2.00 |
|  ap_clk      | bd_0_i/hls_inst/inst/w_c_U/mOutPtr[1]_i_1__0_n_3                                                              | bd_0_i/hls_inst/inst/ap_rst_n_inv_repN                                                    |                1 |              2 |         2.00 |
|  ap_clk      | bd_0_i/hls_inst/inst/x0_c_U/mOutPtr[1]_i_1_n_3                                                                | bd_0_i/hls_inst/inst/ap_rst_n_inv_repN_6                                                  |                1 |              2 |         2.00 |
|  ap_clk      | bd_0_i/hls_inst/inst/control_s_axi_U/int_x3[63]_i_1_n_3                                                       | bd_0_i/hls_inst/inst/ap_rst_n_inv_repN_9                                                  |                1 |              2 |         2.00 |
|  ap_clk      | bd_0_i/hls_inst/inst/split_1_1_8_9_U0/E[0]                                                                    | bd_0_i/hls_inst/inst/ap_rst_n_inv_repN_14                                                 |                1 |              2 |         2.00 |
|  ap_clk      | bd_0_i/hls_inst/inst/gmem2_m_axi_U/bus_read/fifo_rreq/pout[6]_i_1__0_n_3                                      | bd_0_i/hls_inst/inst/ap_rst_n_inv_repN_6                                                  |                2 |              2 |         1.00 |
|  ap_clk      | bd_0_i/hls_inst/inst/gmem1_m_axi_U/bus_write/buff_wdata/p_30_in                                               | bd_0_i/hls_inst/inst/ap_rst_n_inv_repN_19                                                 |                1 |              2 |         2.00 |
|  ap_clk      |                                                                                                               | bd_0_i/hls_inst/inst/ap_rst_n_inv_repN_13                                                 |                2 |              2 |         1.00 |
|  ap_clk      | bd_0_i/hls_inst/inst/write_8_U0/icmp_ln417_reg_1570                                                           |                                                                                           |                1 |              2 |         2.00 |
|  ap_clk      | bd_0_i/hls_inst/inst/gmem_m_axi_U/bus_read/fifo_rctl/p_20_in                                                  | bd_0_i/hls_inst/inst/ap_rst_n_inv_repN                                                    |                2 |              2 |         1.00 |
|  ap_clk      | bd_0_i/hls_inst/inst/write_8_U0/ap_CS_fsm_reg[2]_0                                                            | bd_0_i/hls_inst/inst/ap_rst_n_inv_repN_22                                                 |                1 |              2 |         2.00 |
|  ap_clk      | bd_0_i/hls_inst/inst/start_for_split_1_1_8_9_U0_U/mOutPtr[1]_i_1__9_n_3                                       | bd_0_i/hls_inst/inst/ap_rst_n_inv_repN                                                    |                1 |              2 |         2.00 |
|  ap_clk      | bd_0_i/hls_inst/inst/start_for_serialize_2_16_128_U0_U/mOutPtr[1]_i_1__14_n_3                                 | bd_0_i/hls_inst/inst/ap_rst_n_inv_repN_14                                                 |                1 |              2 |         2.00 |
|  ap_clk      | bd_0_i/hls_inst/inst/start_for_mul_1_2_8_9_128_U0_U/mOutPtr[1]_i_1__10_n_3                                    | bd_0_i/hls_inst/inst/ap_rst_n_inv_repN_14                                                 |                1 |              2 |         2.00 |
|  ap_clk      | bd_0_i/hls_inst/inst/start_for_merge_1_2_16_128_U0_U/mOutPtr[1]_i_1__13_n_3                                   | bd_0_i/hls_inst/inst/ap_rst_n_inv_repN_14                                                 |                1 |              2 |         2.00 |
|  ap_clk      | bd_0_i/hls_inst/inst/gmem_m_axi_U/bus_read/fifo_rreq/pout[6]_i_1__2_n_3                                       | bd_0_i/hls_inst/inst/ap_rst_n_inv_repN_7                                                  |                2 |              2 |         1.00 |
|  ap_clk      | bd_0_i/hls_inst/inst/control_s_axi_U/int_x1[63]_i_1_n_3                                                       | bd_0_i/hls_inst/inst/ap_rst_n_inv_repN_9                                                  |                1 |              2 |         2.00 |
|  ap_clk      | bd_0_i/hls_inst/inst/start_for_broadcast_1_1_2_8_1152_U0_U/mOutPtr[1]_i_1__11_n_3                             | bd_0_i/hls_inst/inst/ap_rst_n_inv_repN_6                                                  |                1 |              2 |         2.00 |
|  ap_clk      | bd_0_i/hls_inst/inst/split_1_1_8_9_U0/internal_empty_n_reg[0]                                                 | bd_0_i/hls_inst/inst/ap_rst_n_inv_repN_14                                                 |                1 |              2 |         2.00 |
|  ap_clk      | bd_0_i/hls_inst/inst/control_s_axi_U/int_x1[31]_i_1_n_3                                                       | bd_0_i/hls_inst/inst/ap_rst_n_inv_repN_9                                                  |                1 |              2 |         2.00 |
|  ap_clk      | bd_0_i/hls_inst/inst/gmem1_m_axi_U/bus_write/fifo_resp/pop0                                                   | bd_0_i/hls_inst/inst/ap_rst_n_inv_repN_13                                                 |                2 |              3 |         1.50 |
|  ap_clk      | bd_0_i/hls_inst/inst/write_8_U0/ap_CS_fsm_reg[2]_0                                                            | bd_0_i/hls_inst/inst/ap_rst_n_inv_repN_20                                                 |                2 |              3 |         1.50 |
|  ap_clk      | bd_0_i/hls_inst/inst/control_s_axi_U/p_0_in                                                                   | bd_0_i/hls_inst/inst/ap_rst_n_inv_repN_5                                                  |                1 |              3 |         3.00 |
|  ap_clk      | bd_0_i/hls_inst/inst/gmem1_m_axi_U/bus_write/fifo_wreq/empty_n_reg_0[0]                                       | bd_0_i/hls_inst/inst/gmem1_m_axi_U/bus_write/fifo_wreq/SR[0]                              |                1 |              3 |         3.00 |
|  ap_clk      |                                                                                                               | bd_0_i/hls_inst/inst/control_s_axi_U/ap_sync_reg_top_entry64_U0_ap_ready                  |                3 |              3 |         1.00 |
|  ap_clk      | bd_0_i/hls_inst/inst/gmem1_m_axi_U/bus_write/bus_equal_gen.fifo_burst/wreq_handling_reg_0[0]                  | bd_0_i/hls_inst/inst/ap_rst_n_inv_repN_9                                                  |                2 |              3 |         1.50 |
|  ap_clk      | bd_0_i/hls_inst/inst/gmem_m_axi_U/bus_read/fifo_rctl/E[0]                                                     | bd_0_i/hls_inst/inst/ap_rst_n_inv_repN_10                                                 |                2 |              3 |         1.50 |
|  ap_clk      |                                                                                                               | bd_0_i/hls_inst/inst/ap_rst_n_inv_repN_3                                                  |                3 |              3 |         1.00 |
|  ap_clk      | bd_0_i/hls_inst/inst/gmem_m_axi_U/bus_read/fifo_rctl/could_multi_bursts.next_loop                             | bd_0_i/hls_inst/inst/ap_rst_n_inv_repN                                                    |                2 |              3 |         1.50 |
|  ap_clk      | bd_0_i/hls_inst/inst/control_s_axi_U/int_x0[63]_i_1_n_3                                                       | bd_0_i/hls_inst/inst/ap_rst_n_inv_repN_5                                                  |                1 |              3 |         3.00 |
|  ap_clk      | bd_0_i/hls_inst/inst/gmem_m_axi_U/bus_read/fifo_rreq/pop0                                                     | bd_0_i/hls_inst/inst/ap_rst_n_inv_repN_5                                                  |                3 |              3 |         1.00 |
|  ap_clk      | bd_0_i/hls_inst/inst/control_s_axi_U/int_x1[63]_i_1_n_3                                                       | bd_0_i/hls_inst/inst/ap_rst_n_inv_repN_12                                                 |                3 |              4 |         1.33 |
|  ap_clk      | bd_0_i/hls_inst/inst/control_s_axi_U/int_x2[31]_i_1_n_3                                                       | bd_0_i/hls_inst/inst/ap_rst_n_inv_repN_9                                                  |                2 |              4 |         2.00 |
|  ap_clk      | bd_0_i/hls_inst/inst/control_s_axi_U/int_x2[31]_i_1_n_3                                                       | bd_0_i/hls_inst/inst/ap_rst_n_inv_repN_12                                                 |                2 |              4 |         2.00 |
|  ap_clk      | bd_0_i/hls_inst/inst/read_x_2_8_U0/ap_CS_fsm_state2                                                           |                                                                                           |                1 |              4 |         4.00 |
|  ap_clk      | bd_0_i/hls_inst/inst/read_x_2_8_U0/ap_CS_fsm_state76                                                          | bd_0_i/hls_inst/inst/read_x_2_8_U0/x_reg_97                                               |                1 |              4 |         4.00 |
|  ap_clk      | bd_0_i/hls_inst/inst/control_s_axi_U/int_y[63]_i_1_n_3                                                        | bd_0_i/hls_inst/inst/ap_rst_n_inv_repN_10                                                 |                3 |              4 |         1.33 |
|  ap_clk      | bd_0_i/hls_inst/inst/control_s_axi_U/int_x0[63]_i_1_n_3                                                       | bd_0_i/hls_inst/inst/ap_rst_n_inv_repN_12                                                 |                3 |              4 |         1.33 |
|  ap_clk      | bd_0_i/hls_inst/inst/gmem_m_axi_U/bus_read/fifo_rreq/pop0                                                     | bd_0_i/hls_inst/inst/ap_rst_n_inv_repN_4                                                  |                3 |              4 |         1.33 |
|  ap_clk      | bd_0_i/hls_inst/inst/split_1_1_8_9_U0/i_reg_560                                                               | bd_0_i/hls_inst/inst/split_1_1_8_9_U0/i_reg_56                                            |                1 |              4 |         4.00 |
|  ap_clk      | bd_0_i/hls_inst/inst/control_s_axi_U/int_x1[31]_i_1_n_3                                                       | bd_0_i/hls_inst/inst/ap_rst_n_inv_repN_12                                                 |                3 |              4 |         1.33 |
|  ap_clk      | bd_0_i/hls_inst/inst/gmem1_m_axi_U/bus_write/fifo_resp/pout[3]_i_1__1_n_3                                     | bd_0_i/hls_inst/inst/ap_rst_n_inv_repN_13                                                 |                1 |              4 |         4.00 |
|  ap_clk      | bd_0_i/hls_inst/inst/control_s_axi_U/int_x3[63]_i_1_n_3                                                       | bd_0_i/hls_inst/inst/ap_rst_n_inv_repN_2                                                  |                4 |              4 |         1.00 |
|  ap_clk      | bd_0_i/hls_inst/inst/control_s_axi_U/int_x2[63]_i_1_n_3                                                       | bd_0_i/hls_inst/inst/ap_rst_n_inv_repN_9                                                  |                2 |              4 |         2.00 |
|  ap_clk      | bd_0_i/hls_inst/inst/start_for_write_8_U0_U/mOutPtr[3]_i_1__0_n_3                                             | bd_0_i/hls_inst/inst/ap_rst_n_inv_repN                                                    |                1 |              4 |         4.00 |
|  ap_clk      | bd_0_i/hls_inst/inst/control_s_axi_U/int_x2[63]_i_1_n_3                                                       | bd_0_i/hls_inst/inst/ap_rst_n_inv_repN_12                                                 |                2 |              4 |         2.00 |
|  ap_clk      | bd_0_i/hls_inst/inst/gmem_m_axi_U/bus_read/fifo_rctl/pout[3]_i_1__0_n_3                                       | bd_0_i/hls_inst/inst/ap_rst_n_inv_repN_11                                                 |                2 |              4 |         2.00 |
|  ap_clk      |                                                                                                               | bd_0_i/hls_inst/inst/ap_rst_n_inv_repN_12                                                 |                3 |              4 |         1.33 |
|  ap_clk      | bd_0_i/hls_inst/inst/gmem1_m_axi_U/bus_write/bus_equal_gen.fifo_burst/pop0                                    | bd_0_i/hls_inst/inst/ap_rst_n_inv_repN_6                                                  |                2 |              4 |         2.00 |
|  ap_clk      | bd_0_i/hls_inst/inst/gmem2_m_axi_U/bus_read/bus_wide_gen.fifo_burst/rreq_handling_reg[0]                      | bd_0_i/hls_inst/inst/ap_rst_n_inv_repN_13                                                 |                1 |              4 |         4.00 |
|  ap_clk      | bd_0_i/hls_inst/inst/gmem2_m_axi_U/bus_read/bus_wide_gen.fifo_burst/data_vld_reg_0[0]                         | bd_0_i/hls_inst/inst/ap_rst_n_inv_repN_14                                                 |                1 |              4 |         4.00 |
|  ap_clk      | bd_0_i/hls_inst/inst/control_s_axi_U/int_x3[31]_i_1_n_3                                                       | bd_0_i/hls_inst/inst/ap_rst_n_inv_repN_2                                                  |                4 |              4 |         1.00 |
|  ap_clk      | bd_0_i/hls_inst/inst/y_c_U/mOutPtr[3]_i_1_n_3                                                                 | bd_0_i/hls_inst/inst/ap_rst_n_inv_repN_9                                                  |                1 |              4 |         4.00 |
|  ap_clk      | bd_0_i/hls_inst/inst/control_s_axi_U/int_y[31]_i_1_n_3                                                        | bd_0_i/hls_inst/inst/ap_rst_n_inv_repN_10                                                 |                3 |              4 |         1.33 |
|  ap_clk      | bd_0_i/hls_inst/inst/mul_1_2_8_9_128_U0/p_1_reg_4690                                                          |                                                                                           |                1 |              4 |         4.00 |
|  ap_clk      | bd_0_i/hls_inst/inst/control_s_axi_U/p_0_in                                                                   | bd_0_i/hls_inst/inst/ap_rst_n_inv_repN_12                                                 |                3 |              4 |         1.33 |
|  ap_clk      | bd_0_i/hls_inst/inst/control_s_axi_U/int_x3[31]_i_1_n_3                                                       | bd_0_i/hls_inst/inst/ap_rst_n_inv_repN_12                                                 |                4 |              4 |         1.00 |
|  ap_clk      | bd_0_i/hls_inst/inst/mul_1_2_8_9_128_U0/ap_CS_fsm_state12                                                     | bd_0_i/hls_inst/inst/mul_1_2_8_9_128_U0/p_reg_169                                         |                1 |              4 |         4.00 |
|  ap_clk      | bd_0_i/hls_inst/inst/control_s_axi_U/int_x3[63]_i_1_n_3                                                       | bd_0_i/hls_inst/inst/ap_rst_n_inv_repN_12                                                 |                4 |              4 |         1.00 |
|  ap_clk      | bd_0_i/hls_inst/inst/control_s_axi_U/int_y[31]_i_1_n_3                                                        | bd_0_i/hls_inst/inst/ap_rst_n_inv_repN_2                                                  |                1 |              5 |         5.00 |
|  ap_clk      | bd_0_i/hls_inst/inst/gmem_m_axi_U/bus_read/fifo_rctl/E[0]                                                     | bd_0_i/hls_inst/inst/ap_rst_n_inv_repN_12                                                 |                4 |              5 |         1.25 |
|  ap_clk      |                                                                                                               | bd_0_i/hls_inst/inst/ap_rst_n_inv_repN_9                                                  |                3 |              5 |         1.67 |
|  ap_clk      | bd_0_i/hls_inst/inst/control_s_axi_U/int_x2[63]_i_1_n_3                                                       | bd_0_i/hls_inst/inst/ap_rst_n_inv_repN_2                                                  |                4 |              5 |         1.25 |
|  ap_clk      | bd_0_i/hls_inst/inst/control_s_axi_U/int_y[31]_i_1_n_3                                                        | bd_0_i/hls_inst/inst/ap_rst_n_inv_repN_12                                                 |                3 |              5 |         1.67 |
|  ap_clk      | bd_0_i/hls_inst/inst/control_s_axi_U/int_x2[31]_i_1_n_3                                                       | bd_0_i/hls_inst/inst/ap_rst_n_inv_repN_2                                                  |                4 |              5 |         1.25 |
|  ap_clk      | bd_0_i/hls_inst/inst/control_s_axi_U/int_w[63]_i_1_n_3                                                        | bd_0_i/hls_inst/inst/ap_rst_n_inv_repN_12                                                 |                4 |              5 |         1.25 |
|  ap_clk      | bd_0_i/hls_inst/inst/control_s_axi_U/int_y[63]_i_1_n_3                                                        | bd_0_i/hls_inst/inst/ap_rst_n_inv_repN_2                                                  |                1 |              5 |         5.00 |
|  ap_clk      | bd_0_i/hls_inst/inst/control_s_axi_U/int_y[63]_i_1_n_3                                                        | bd_0_i/hls_inst/inst/ap_rst_n_inv_repN_12                                                 |                3 |              5 |         1.67 |
|  ap_clk      | bd_0_i/hls_inst/inst/control_s_axi_U/int_w[31]_i_1_n_3                                                        | bd_0_i/hls_inst/inst/ap_rst_n_inv_repN_12                                                 |                4 |              5 |         1.25 |
|  ap_clk      | bd_0_i/hls_inst/inst/control_s_axi_U/int_x2[31]_i_1_n_3                                                       | bd_0_i/hls_inst/inst/ap_rst_n_inv_repN_10                                                 |                5 |              6 |         1.20 |
|  ap_clk      | bd_0_i/hls_inst/inst/gmem1_m_axi_U/bus_write/fifo_resp_to_user/pout[6]_i_1__5_n_3                             | bd_0_i/hls_inst/inst/ap_rst_n_inv_repN_2                                                  |                1 |              6 |         6.00 |
|  ap_clk      | bd_0_i/hls_inst/inst/gmem_m_axi_U/bus_read/fifo_rctl/E[0]                                                     | bd_0_i/hls_inst/inst/ap_rst_n_inv_repN                                                    |                3 |              6 |         2.00 |
|  ap_clk      | bd_0_i/hls_inst/inst/gmem_m_axi_U/bus_read/fifo_rctl/could_multi_bursts.next_loop                             | bd_0_i/hls_inst/inst/gmem_m_axi_U/bus_read/fifo_rctl/SR[0]                                |                2 |              6 |         3.00 |
|  ap_clk      | bd_0_i/hls_inst/inst/gmem_m_axi_U/bus_read/fifo_rreq/next_rreq                                                | bd_0_i/hls_inst/inst/ap_rst_n_inv_repN                                                    |                3 |              6 |         2.00 |
|  ap_clk      | bd_0_i/hls_inst/inst/control_s_axi_U/int_x2[63]_i_1_n_3                                                       | bd_0_i/hls_inst/inst/ap_rst_n_inv_repN_10                                                 |                5 |              6 |         1.20 |
|  ap_clk      | bd_0_i/hls_inst/inst/gmem_m_axi_U/bus_read/fifo_rreq/pop0                                                     | bd_0_i/hls_inst/inst/ap_rst_n_inv_repN_10                                                 |                4 |              6 |         1.50 |
|  ap_clk      | bd_0_i/hls_inst/inst/control_s_axi_U/int_x1[63]_i_1_n_3                                                       | bd_0_i/hls_inst/inst/ap_rst_n_inv_repN_2                                                  |                5 |              6 |         1.20 |
|  ap_clk      | bd_0_i/hls_inst/inst/gmem_m_axi_U/bus_read/fifo_rreq/pop0                                                     | bd_0_i/hls_inst/inst/ap_rst_n_inv_repN                                                    |                5 |              6 |         1.20 |
|  ap_clk      | bd_0_i/hls_inst/inst/gmem_m_axi_U/bus_read/bus_wide_gen.fifo_burst/pout[6]_i_1__1_n_3                         | bd_0_i/hls_inst/inst/ap_rst_n_inv_repN_11                                                 |                1 |              6 |         6.00 |
|  ap_clk      | bd_0_i/hls_inst/inst/control_s_axi_U/int_x1[31]_i_1_n_3                                                       | bd_0_i/hls_inst/inst/ap_rst_n_inv_repN_2                                                  |                5 |              6 |         1.20 |
|  ap_clk      | bd_0_i/hls_inst/inst/gmem2_m_axi_U/bus_read/bus_wide_gen.fifo_burst/could_multi_bursts.next_loop              | bd_0_i/hls_inst/inst/gmem2_m_axi_U/bus_read/bus_wide_gen.fifo_burst/ap_rst_n_inv_reg_0[0] |                2 |              6 |         3.00 |
|  ap_clk      | bd_0_i/hls_inst/inst/gmem1_m_axi_U/bus_write/bus_equal_gen.fifo_burst/p_26_in                                 | bd_0_i/hls_inst/inst/gmem1_m_axi_U/bus_write/bus_equal_gen.fifo_burst/ap_rst_n_inv_reg[0] |                1 |              6 |         6.00 |
|  ap_clk      | bd_0_i/hls_inst/inst/gmem2_m_axi_U/bus_read/bus_wide_gen.fifo_burst/pout[6]_i_1_n_3                           | bd_0_i/hls_inst/inst/ap_rst_n_inv_repN_14                                                 |                2 |              7 |         3.50 |
|  ap_clk      | bd_0_i/hls_inst/inst/gmem1_m_axi_U/bus_write/buff_wdata/mOutPtr[7]_i_1__2_n_3                                 | bd_0_i/hls_inst/inst/ap_rst_n_inv_repN_17                                                 |                1 |              7 |         7.00 |
|  ap_clk      | bd_0_i/hls_inst/inst/gmem1_m_axi_U/bus_write/bus_equal_gen.fifo_burst/pout[6]_i_1__3_n_3                      | bd_0_i/hls_inst/inst/ap_rst_n_inv_repN_6                                                  |                2 |              7 |         3.50 |
|  ap_clk      | bd_0_i/hls_inst/inst/gmem2_m_axi_U/bus_read/bus_wide_gen.fifo_burst/pop0                                      | bd_0_i/hls_inst/inst/ap_rst_n_inv_repN_14                                                 |                3 |              7 |         2.33 |
|  ap_clk      | bd_0_i/hls_inst/inst/gmem1_m_axi_U/bus_write/fifo_wreq/pout[6]_i_1__4_n_3                                     | bd_0_i/hls_inst/inst/ap_rst_n_inv_repN_3                                                  |                2 |              7 |         3.50 |
|  ap_clk      | bd_0_i/hls_inst/inst/gmem1_m_axi_U/bus_write/fifo_wreq/empty_n_reg_0[0]                                       | bd_0_i/hls_inst/inst/ap_rst_n_inv_repN_3                                                  |                5 |              7 |         1.40 |
|  ap_clk      | bd_0_i/hls_inst/inst/control_s_axi_U/int_x0[63]_i_1_n_3                                                       | bd_0_i/hls_inst/inst/ap_rst_n_inv_repN_10                                                 |                5 |              7 |         1.40 |
|  ap_clk      | bd_0_i/hls_inst/inst/control_s_axi_U/p_0_in                                                                   | bd_0_i/hls_inst/inst/ap_rst_n_inv_repN_10                                                 |                5 |              7 |         1.40 |
|  ap_clk      | bd_0_i/hls_inst/inst/add_2_16_9_128_U0/buff_addr_2_reg_3000                                                   |                                                                                           |                2 |              7 |         3.50 |
|  ap_clk      | bd_0_i/hls_inst/inst/control_s_axi_U/waddr                                                                    |                                                                                           |                1 |              7 |         7.00 |
|  ap_clk      | bd_0_i/hls_inst/inst/gmem_m_axi_U/bus_read/bus_wide_gen.fifo_burst/q_reg[11]_2                                | bd_0_i/hls_inst/inst/gmem_m_axi_U/bus_read/bus_wide_gen.fifo_burst/q_reg[11]_0            |                8 |              8 |         1.00 |
|  ap_clk      | bd_0_i/hls_inst/inst/gmem2_m_axi_U/bus_read/bus_wide_gen.fifo_burst/E[0]                                      | bd_0_i/hls_inst/inst/gmem2_m_axi_U/bus_read/bus_wide_gen.fifo_burst/SR[0]                 |                3 |              8 |         2.67 |
|  ap_clk      | bd_0_i/hls_inst/inst/gmem_m_axi_U/bus_read/buff_rdata/mOutPtr[7]_i_1__0_n_3                                   | bd_0_i/hls_inst/inst/ap_rst_n_inv_repN_11                                                 |                2 |              8 |         4.00 |
|  ap_clk      | bd_0_i/hls_inst/inst/gmem2_m_axi_U/bus_read/bus_wide_gen.fifo_burst/full_n_reg_0[0]                           | bd_0_i/hls_inst/inst/ap_rst_n_inv_repN_14                                                 |                2 |              8 |         4.00 |
|  ap_clk      | bd_0_i/hls_inst/inst/control_s_axi_U/int_y[63]_i_1_n_3                                                        | bd_0_i/hls_inst/inst/ap_rst_n_inv_repN_9                                                  |                4 |              8 |         2.00 |
|  ap_clk      | bd_0_i/hls_inst/inst/gmem2_m_axi_U/bus_read/bus_wide_gen.fifo_burst/rreq_handling_reg_1[0]                    | bd_0_i/hls_inst/inst/ap_rst_n_inv_repN_6                                                  |                5 |              8 |         1.60 |
|  ap_clk      | bd_0_i/hls_inst/inst/add_2_16_9_128_U0/buff_U/top_add_2_16_9_128_s_buff_ram_U/ap_block_pp1_stage0_subdone     |                                                                                           |                4 |              8 |         2.00 |
|  ap_clk      | bd_0_i/hls_inst/inst/gmem_m_axi_U/bus_read/rs_rdata/load_p2                                                   |                                                                                           |                2 |              8 |         4.00 |
|  ap_clk      | bd_0_i/hls_inst/inst/add_2_16_9_128_U0/buff_U/top_add_2_16_9_128_s_buff_ram_U/E[0]                            | bd_0_i/hls_inst/inst/add_2_16_9_128_U0/ap_NS_fsm127_out                                   |                4 |              8 |         2.00 |
|  ap_clk      | bd_0_i/hls_inst/inst/gmem_m_axi_U/bus_read/bus_wide_gen.fifo_burst/pop0                                       | bd_0_i/hls_inst/inst/ap_rst_n_inv_repN                                                    |                4 |              8 |         2.00 |
|  ap_clk      | bd_0_i/hls_inst/inst/gmem_m_axi_U/bus_read/rs_rdata/load_p1                                                   |                                                                                           |                2 |              8 |         4.00 |
|  ap_clk      | bd_0_i/hls_inst/inst/gmem_m_axi_U/bus_read/bus_wide_gen.fifo_burst/bus_wide_gen.last_split                    | bd_0_i/hls_inst/inst/gmem_m_axi_U/bus_read/bus_wide_gen.fifo_burst/SR[0]                  |                2 |              8 |         4.00 |
|  ap_clk      | bd_0_i/hls_inst/inst/gmem1_m_axi_U/bus_write/buff_wdata/p_30_in                                               | bd_0_i/hls_inst/inst/gmem1_m_axi_U/bus_write/buff_wdata/SR[0]                             |                2 |              8 |         4.00 |
|  ap_clk      | bd_0_i/hls_inst/inst/gmem1_m_axi_U/bus_read/buff_rdata/mOutPtr[7]_i_1__1_n_3                                  | bd_0_i/hls_inst/inst/ap_rst_n_inv_repN_16                                                 |                2 |              8 |         4.00 |
|  ap_clk      | bd_0_i/hls_inst/inst/gmem1_m_axi_U/wreq_throttle/throttl_cnt[8]_i_1_n_3                                       | bd_0_i/hls_inst/inst/ap_rst_n_inv                                                         |                1 |              8 |         8.00 |
|  ap_clk      | bd_0_i/hls_inst/inst/add_2_16_9_128_U0/x_2_reg_1540                                                           | bd_0_i/hls_inst/inst/add_2_16_9_128_U0/ap_CS_fsm_state8                                   |                2 |              8 |         4.00 |
|  ap_clk      | bd_0_i/hls_inst/inst/control_s_axi_U/int_y[31]_i_1_n_3                                                        | bd_0_i/hls_inst/inst/ap_rst_n_inv_repN_9                                                  |                4 |              8 |         2.00 |
|  ap_clk      | bd_0_i/hls_inst/inst/serialize_2_16_128_U0/i_reg_630                                                          | bd_0_i/hls_inst/inst/serialize_2_16_128_U0/i_reg_63                                       |                2 |              8 |         4.00 |
|  ap_clk      | bd_0_i/hls_inst/inst/read_w_1_8_U0/p_12_in                                                                    |                                                                                           |                2 |              8 |         4.00 |
|  ap_clk      | bd_0_i/hls_inst/inst/write_8_U0/ap_CS_fsm_reg[2]_0                                                            | bd_0_i/hls_inst/inst/ap_rst_n_inv_repN_14                                                 |                4 |              8 |         2.00 |
|  ap_clk      | bd_0_i/hls_inst/inst/merge_1_2_16_128_U0/it_reg_560                                                           | bd_0_i/hls_inst/inst/merge_1_2_16_128_U0/it_reg_56                                        |                2 |              8 |         4.00 |
|  ap_clk      | bd_0_i/hls_inst/inst/control_s_axi_U/p_0_in                                                                   | bd_0_i/hls_inst/inst/ap_rst_n_inv_repN_9                                                  |                4 |              9 |         2.25 |
|  ap_clk      | bd_0_i/hls_inst/inst/control_s_axi_U/int_x3[63]_i_1_n_3                                                       | bd_0_i/hls_inst/inst/ap_rst_n_inv_repN_10                                                 |                7 |              9 |         1.29 |
|  ap_clk      | bd_0_i/hls_inst/inst/gmem_m_axi_U/bus_read/fifo_rreq/pop0                                                     | bd_0_i/hls_inst/inst/ap_rst_n_inv_repN_12                                                 |                5 |              9 |         1.80 |
|  ap_clk      | bd_0_i/hls_inst/inst/gmem1_m_axi_U/bus_write/bus_equal_gen.fifo_burst/wreq_handling_reg[0]                    | bd_0_i/hls_inst/inst/ap_rst_n_inv_repN_3                                                  |                6 |              9 |         1.50 |
|  ap_clk      | bd_0_i/hls_inst/inst/control_s_axi_U/int_x3[31]_i_1_n_3                                                       | bd_0_i/hls_inst/inst/ap_rst_n_inv_repN_10                                                 |                7 |              9 |         1.29 |
|  ap_clk      | bd_0_i/hls_inst/inst/control_s_axi_U/int_x0[63]_i_1_n_3                                                       | bd_0_i/hls_inst/inst/ap_rst_n_inv_repN_9                                                  |                4 |              9 |         2.25 |
|  ap_clk      | bd_0_i/hls_inst/inst/control_s_axi_U/p_0_in                                                                   | bd_0_i/hls_inst/inst/ap_rst_n_inv_repN_2                                                  |                5 |              9 |         1.80 |
|  ap_clk      | bd_0_i/hls_inst/inst/add_2_16_9_128_U0/p_17_in                                                                |                                                                                           |                4 |              9 |         2.25 |
|  ap_clk      | bd_0_i/hls_inst/inst/control_s_axi_U/int_x0[63]_i_1_n_3                                                       | bd_0_i/hls_inst/inst/ap_rst_n_inv_repN_2                                                  |                5 |              9 |         1.80 |
|  ap_clk      | bd_0_i/hls_inst/inst/control_s_axi_U/int_y[63]_i_1_n_3                                                        | bd_0_i/hls_inst/inst/ap_rst_n_inv_repN_5                                                  |                5 |             10 |         2.00 |
|  ap_clk      | bd_0_i/hls_inst/inst/control_s_axi_U/int_x1[31]_i_1_n_3                                                       | bd_0_i/hls_inst/inst/ap_rst_n_inv_repN_10                                                 |                7 |             10 |         1.43 |
|  ap_clk      | bd_0_i/hls_inst/inst/control_s_axi_U/int_x1[31]_i_1_n_3                                                       | bd_0_i/hls_inst/inst/ap_rst_n_inv_repN_5                                                  |                4 |             10 |         2.50 |
|  ap_clk      | bd_0_i/hls_inst/inst/control_s_axi_U/int_x1[63]_i_1_n_3                                                       | bd_0_i/hls_inst/inst/ap_rst_n_inv_repN_10                                                 |                7 |             10 |         1.43 |
|  ap_clk      | bd_0_i/hls_inst/inst/control_s_axi_U/int_x1[63]_i_1_n_3                                                       | bd_0_i/hls_inst/inst/ap_rst_n_inv_repN_5                                                  |                4 |             10 |         2.50 |
|  ap_clk      | bd_0_i/hls_inst/inst/control_s_axi_U/int_y[31]_i_1_n_3                                                        | bd_0_i/hls_inst/inst/ap_rst_n_inv_repN_5                                                  |                5 |             10 |         2.00 |
|  ap_clk      | bd_0_i/hls_inst/inst/gmem_m_axi_U/bus_read/fifo_rreq/pout[6]_i_1__2_n_3                                       | bd_0_i/hls_inst/inst/ap_rst_n_inv_repN_10                                                 |                1 |             10 |        10.00 |
|  ap_clk      | bd_0_i/hls_inst/inst/gmem2_m_axi_U/bus_read/fifo_rreq/pout[6]_i_1__0_n_3                                      | bd_0_i/hls_inst/inst/ap_rst_n_inv_repN_2                                                  |                1 |             10 |        10.00 |
|  ap_clk      | bd_0_i/hls_inst/inst/gmem2_m_axi_U/bus_read/bus_wide_gen.fifo_burst/next_rreq                                 | bd_0_i/hls_inst/inst/ap_rst_n_inv_repN_2                                                  |                4 |             10 |         2.50 |
|  ap_clk      | bd_0_i/hls_inst/inst/gmem2_m_axi_U/bus_read/bus_wide_gen.fifo_burst/rreq_handling_reg_0[0]                    | bd_0_i/hls_inst/inst/ap_rst_n_inv_repN_13                                                 |                6 |             10 |         1.67 |
|  ap_clk      |                                                                                                               | bd_0_i/hls_inst/inst/ap_rst_n_inv_repN_2                                                  |                6 |             11 |         1.83 |
|  ap_clk      | bd_0_i/hls_inst/inst/gmem2_m_axi_U/bus_read/bus_wide_gen.fifo_burst/rreq_handling_reg_1[0]                    | bd_0_i/hls_inst/inst/ap_rst_n_inv_repN_13                                                 |                8 |             11 |         1.38 |
|  ap_clk      | bd_0_i/hls_inst/inst/broadcast_1_1_2_8_1152_U0/n_reg_540                                                      | bd_0_i/hls_inst/inst/broadcast_1_1_2_8_1152_U0/n_reg_54                                   |                2 |             11 |         5.50 |
|  ap_clk      | bd_0_i/hls_inst/inst/gmem2_m_axi_U/bus_read/bus_wide_gen.fifo_burst/could_multi_bursts.sect_handling_reg_2[0] | bd_0_i/hls_inst/inst/gmem2_m_axi_U/bus_read/bus_wide_gen.fifo_burst/ap_rst_n_inv_reg_1[0] |                4 |             11 |         2.75 |
|  ap_clk      | bd_0_i/hls_inst/inst/gmem1_m_axi_U/bus_write/buff_wdata/pop                                                   | bd_0_i/hls_inst/inst/ap_rst_n_inv_repN_20                                                 |                2 |             12 |         6.00 |
|  ap_clk      | bd_0_i/hls_inst/inst/gmem_m_axi_U/bus_read/fifo_rctl/p_20_in                                                  | bd_0_i/hls_inst/inst/gmem_m_axi_U/bus_read/fifo_rctl/ap_rst_n_inv_reg[0]                  |                3 |             12 |         4.00 |
|  ap_clk      |                                                                                                               | bd_0_i/hls_inst/inst/ap_rst_n_inv_repN_19                                                 |                3 |             12 |         4.00 |
|  ap_clk      | bd_0_i/hls_inst/inst/gmem1_m_axi_U/bus_write/fifo_resp/push_0                                                 |                                                                                           |                4 |             12 |         3.00 |
|  ap_clk      | bd_0_i/hls_inst/inst/gmem2_m_axi_U/bus_read/bus_wide_gen.fifo_burst/rreq_handling_reg_0[0]                    | bd_0_i/hls_inst/inst/ap_rst_n_inv_repN_6                                                  |                8 |             13 |         1.62 |
|  ap_clk      | bd_0_i/hls_inst/inst/control_s_axi_U/int_x2[63]_i_1_n_3                                                       | bd_0_i/hls_inst/inst/ap_rst_n_inv_repN_5                                                  |               10 |             13 |         1.30 |
|  ap_clk      | bd_0_i/hls_inst/inst/control_s_axi_U/int_w[63]_i_1_n_3                                                        | bd_0_i/hls_inst/inst/ap_rst_n_inv_repN_10                                                 |                6 |             13 |         2.17 |
|  ap_clk      | bd_0_i/hls_inst/inst/control_s_axi_U/int_w[31]_i_1_n_3                                                        | bd_0_i/hls_inst/inst/ap_rst_n_inv_repN_10                                                 |                6 |             13 |         2.17 |
|  ap_clk      | bd_0_i/hls_inst/inst/gmem1_m_axi_U/bus_write/buff_wdata/p_30_in                                               | bd_0_i/hls_inst/inst/ap_rst_n_inv_repN_23                                                 |                7 |             13 |         1.86 |
|  ap_clk      | bd_0_i/hls_inst/inst/control_s_axi_U/int_x2[31]_i_1_n_3                                                       | bd_0_i/hls_inst/inst/ap_rst_n_inv_repN_5                                                  |               10 |             13 |         1.30 |
|  ap_clk      | bd_0_i/hls_inst/inst/control_s_axi_U/int_x3[31]_i_1_n_3                                                       | bd_0_i/hls_inst/inst/ap_rst_n_inv_repN_5                                                  |                8 |             13 |         1.62 |
|  ap_clk      | bd_0_i/hls_inst/inst/control_s_axi_U/int_x3[63]_i_1_n_3                                                       | bd_0_i/hls_inst/inst/ap_rst_n_inv_repN_5                                                  |                8 |             13 |         1.62 |
|  ap_clk      | bd_0_i/hls_inst/inst/control_s_axi_U/int_w[63]_i_1_n_3                                                        | bd_0_i/hls_inst/inst/ap_rst_n_inv_repN_5                                                  |                5 |             14 |         2.80 |
|  ap_clk      | bd_0_i/hls_inst/inst/control_s_axi_U/int_w[31]_i_1_n_3                                                        | bd_0_i/hls_inst/inst/ap_rst_n_inv_repN_5                                                  |                5 |             14 |         2.80 |
|  ap_clk      | bd_0_i/hls_inst/inst/write_8_U0/push                                                                          | bd_0_i/hls_inst/inst/ap_rst_n_inv_repN_22                                                 |                5 |             15 |         3.00 |
|  ap_clk      | bd_0_i/hls_inst/inst/gmem1_m_axi_U/bus_write/fifo_wreq/empty_n_reg_0[0]                                       | bd_0_i/hls_inst/inst/ap_rst_n_inv_repN_9                                                  |                6 |             15 |         2.50 |
|  ap_clk      | bd_0_i/hls_inst/inst/write_8_U0/push                                                                          | bd_0_i/hls_inst/inst/ap_rst_n_inv_repN_20                                                 |                2 |             15 |         7.50 |
|  ap_clk      | bd_0_i/hls_inst/inst/gmem2_m_axi_U/bus_read/rs_rdata/load_p1                                                  |                                                                                           |                5 |             16 |         3.20 |
|  ap_clk      | bd_0_i/hls_inst/inst/gmem2_m_axi_U/bus_read/rs_rdata/load_p2                                                  |                                                                                           |                5 |             16 |         3.20 |
|  ap_clk      | bd_0_i/hls_inst/inst/gmem_m_axi_U/bus_read/fifo_rreq/pop0                                                     | bd_0_i/hls_inst/inst/ap_rst_n_inv_repN_1                                                  |               10 |             16 |         1.60 |
|  ap_clk      | bd_0_i/hls_inst/inst/read_x_2_8_U0/p_12_in                                                                    |                                                                                           |                8 |             16 |         2.00 |
|  ap_clk      | bd_0_i/hls_inst/inst/read_w_1_8_U0/E[0]                                                                       |                                                                                           |                5 |             16 |         3.20 |
|  ap_clk      | bd_0_i/hls_inst/inst/gmem2_m_axi_U/bus_read/buff_rdata/bus_wide_gen.split_cnt_buf                             | bd_0_i/hls_inst/inst/gmem2_m_axi_U/bus_read/buff_rdata/s_ready_t_reg                      |                4 |             16 |         4.00 |
|  ap_clk      | bd_0_i/hls_inst/inst/gmem2_m_axi_U/bus_read/buff_rdata/bus_wide_gen.split_cnt_buf                             |                                                                                           |                4 |             16 |         4.00 |
|  ap_clk      | bd_0_i/hls_inst/inst/mul_1_2_8_9_128_U0/ys_V_U/top_mul_1_2_8_9_128_s_ys_V_ram_U/ys_V_ce1                      |                                                                                           |                3 |             16 |         5.33 |
|  ap_clk      | bd_0_i/hls_inst/inst/split_1_1_8_9_U0/internal_full_n_reg[0]                                                  |                                                                                           |                4 |             16 |         4.00 |
|  ap_clk      | bd_0_i/hls_inst/inst/mul_1_2_8_9_128_U0/x_V_0_reg_4870                                                        |                                                                                           |                5 |             16 |         3.20 |
|  ap_clk      | bd_0_i/hls_inst/inst/mul_1_2_8_9_128_U0/ys_V_U/top_mul_1_2_8_9_128_s_ys_V_ram_U/ys_V_ce0                      |                                                                                           |                2 |             16 |         8.00 |
|  ap_clk      | bd_0_i/hls_inst/inst/gmem2_m_axi_U/bus_read/bus_wide_gen.fifo_burst/next_rreq                                 | bd_0_i/hls_inst/inst/ap_rst_n_inv_repN_13                                                 |                5 |             17 |         3.40 |
|  ap_clk      | bd_0_i/hls_inst/inst/add_2_16_9_128_U0/indvar_flatten_reg_1320                                                | bd_0_i/hls_inst/inst/add_2_16_9_128_U0/ap_CS_fsm_state3                                   |                3 |             18 |         6.00 |
|  ap_clk      | bd_0_i/hls_inst/inst/gmem2_m_axi_U/bus_read/bus_wide_gen.fifo_burst/could_multi_bursts.next_loop              |                                                                                           |                6 |             18 |         3.00 |
|  ap_clk      | bd_0_i/hls_inst/inst/gmem1_m_axi_U/bus_write/bus_equal_gen.fifo_burst/wreq_handling_reg[0]                    | bd_0_i/hls_inst/inst/ap_rst_n_inv_repN_9                                                  |               12 |             18 |         1.50 |
|  ap_clk      | bd_0_i/hls_inst/inst/gmem2_m_axi_U/bus_read/bus_wide_gen.fifo_burst/rreq_handling_reg_0[0]                    | bd_0_i/hls_inst/inst/ap_rst_n_inv_repN_2                                                  |               11 |             20 |         1.82 |
|  ap_clk      | bd_0_i/hls_inst/inst/gmem2_m_axi_U/bus_read/bus_wide_gen.fifo_burst/rreq_handling_reg_1[0]                    | bd_0_i/hls_inst/inst/ap_rst_n_inv_repN_2                                                  |               10 |             21 |         2.10 |
|  ap_clk      | bd_0_i/hls_inst/inst/gmem1_m_axi_U/bus_write/bus_equal_gen.fifo_burst/wreq_handling_reg_0[0]                  | bd_0_i/hls_inst/inst/ap_rst_n_inv_repN_3                                                  |                8 |             21 |         2.62 |
|  ap_clk      | bd_0_i/hls_inst/inst/gmem2_m_axi_U/bus_read/bus_wide_gen.fifo_burst/could_multi_bursts.next_loop              | bd_0_i/hls_inst/inst/ap_rst_n_inv_repN_13                                                 |                7 |             22 |         3.14 |
|  ap_clk      |                                                                                                               | bd_0_i/hls_inst/inst/ap_rst_n_inv_repN_11                                                 |                9 |             22 |         2.44 |
|  ap_clk      | bd_0_i/hls_inst/inst/gmem_m_axi_U/bus_read/fifo_rctl/could_multi_bursts.next_loop                             | bd_0_i/hls_inst/inst/ap_rst_n_inv_repN_7                                                  |                3 |             22 |         7.33 |
|  ap_clk      | bd_0_i/hls_inst/inst/gmem2_m_axi_U/bus_read/bus_wide_gen.fifo_burst/rreq_handling_reg[0]                      | bd_0_i/hls_inst/inst/ap_rst_n_inv_repN_2                                                  |                2 |             22 |        11.00 |
|  ap_clk      | bd_0_i/hls_inst/inst/gmem1_m_axi_U/bus_write/buff_wdata/p_30_in                                               | bd_0_i/hls_inst/inst/ap_rst_n_inv                                                         |                8 |             23 |         2.88 |
|  ap_clk      | bd_0_i/hls_inst/inst/gmem2_m_axi_U/bus_read/bus_wide_gen.fifo_burst/rreq_handling_reg_0[0]                    | bd_0_i/hls_inst/inst/ap_rst_n_inv_repN                                                    |               12 |             23 |         1.92 |
|  ap_clk      | bd_0_i/hls_inst/inst/gmem_m_axi_U/bus_read/fifo_rreq/pop0                                                     | bd_0_i/hls_inst/inst/ap_rst_n_inv_repN_7                                                  |               14 |             23 |         1.64 |
|  ap_clk      | bd_0_i/hls_inst/inst/gmem1_m_axi_U/bus_write/buff_wdata/p_30_in                                               | bd_0_i/hls_inst/inst/ap_rst_n_inv_repN_22                                                 |                6 |             24 |         4.00 |
|  ap_clk      | bd_0_i/hls_inst/inst/gmem2_m_axi_U/bus_read/bus_wide_gen.fifo_burst/could_multi_bursts.sect_handling_reg_2[0] | bd_0_i/hls_inst/inst/ap_rst_n_inv_repN_13                                                 |                5 |             24 |         4.80 |
|  ap_clk      | bd_0_i/hls_inst/inst/gmem_m_axi_U/bus_read/bus_wide_gen.fifo_burst/push                                       |                                                                                           |                8 |             24 |         3.00 |
|  ap_clk      | bd_0_i/hls_inst/inst/gmem_m_axi_U/bus_read/bus_wide_gen.fifo_burst/q_reg[11]_2                                |                                                                                           |                8 |             24 |         3.00 |
|  ap_clk      | bd_0_i/hls_inst/inst/gmem1_m_axi_U/bus_write/bus_equal_gen.fifo_burst/next_wreq                               | bd_0_i/hls_inst/inst/ap_rst_n_inv_repN_3                                                  |               14 |             24 |         1.71 |
|  ap_clk      | bd_0_i/hls_inst/inst/gmem_m_axi_U/bus_read/fifo_rreq/E[0]                                                     | bd_0_i/hls_inst/inst/ap_rst_n_inv_repN_1                                                  |                6 |             25 |         4.17 |
|  ap_clk      | bd_0_i/hls_inst/inst/gmem2_m_axi_U/bus_read/bus_wide_gen.fifo_burst/rreq_handling_reg_1[0]                    | bd_0_i/hls_inst/inst/ap_rst_n_inv_repN                                                    |               16 |             25 |         1.56 |
|  ap_clk      | bd_0_i/hls_inst/inst/gmem_m_axi_U/bus_read/fifo_rctl/E[0]                                                     | bd_0_i/hls_inst/inst/ap_rst_n_inv_repN_1                                                  |                9 |             25 |         2.78 |
|  ap_clk      | bd_0_i/hls_inst/inst/gmem2_m_axi_U/bus_read/bus_wide_gen.fifo_burst/rreq_handling_reg[0]                      | bd_0_i/hls_inst/inst/ap_rst_n_inv_repN_6                                                  |                6 |             26 |         4.33 |
|  ap_clk      | bd_0_i/hls_inst/inst/serialize_2_16_128_U0/first_fu_460                                                       | bd_0_i/hls_inst/inst/serialize_2_16_128_U0/first_fu_46[5]_i_1_n_3                         |                4 |             27 |         6.75 |
|  ap_clk      | bd_0_i/hls_inst/inst/gmem_m_axi_U/bus_read/fifo_rctl/E[0]                                                     | bd_0_i/hls_inst/inst/ap_rst_n_inv_repN_7                                                  |               13 |             27 |         2.08 |
|  ap_clk      | bd_0_i/hls_inst/inst/gmem_m_axi_U/bus_read/fifo_rreq/E[0]                                                     | bd_0_i/hls_inst/inst/ap_rst_n_inv_repN_7                                                  |                6 |             27 |         4.50 |
|  ap_clk      | bd_0_i/hls_inst/inst/gmem_m_axi_U/bus_read/fifo_rctl/p_20_in                                                  | bd_0_i/hls_inst/inst/ap_rst_n_inv_repN_7                                                  |                6 |             28 |         4.67 |
|  ap_clk      | bd_0_i/hls_inst/inst/gmem1_m_axi_U/bus_write/bus_equal_gen.fifo_burst/wreq_handling_reg_0[0]                  | bd_0_i/hls_inst/inst/ap_rst_n_inv_repN_8                                                  |                5 |             28 |         5.60 |
|  ap_clk      | bd_0_i/hls_inst/inst/gmem1_m_axi_U/bus_write/buff_wdata/pop                                                   | bd_0_i/hls_inst/inst/ap_rst_n_inv_repN_22                                                 |                8 |             30 |         3.75 |
|  ap_clk      | bd_0_i/hls_inst/inst/gmem_m_axi_U/bus_read/fifo_rreq/next_rreq                                                | bd_0_i/hls_inst/inst/ap_rst_n_inv_repN_7                                                  |                8 |             31 |         3.88 |
|  ap_clk      | bd_0_i/hls_inst/inst/write_8_U0/push                                                                          | bd_0_i/hls_inst/inst/ap_rst_n_inv_repN_23                                                 |               11 |             31 |         2.82 |
|  ap_clk      | bd_0_i/hls_inst/inst/mul_1_2_8_9_128_U0/free_slots_reg_1800                                                   | bd_0_i/hls_inst/inst/mul_1_2_8_9_128_U0/free_slots_reg_180                                |                6 |             32 |         5.33 |
|  ap_clk      | bd_0_i/hls_inst/inst/mul_1_2_8_9_128_U0/ys_V_U/top_mul_1_2_8_9_128_s_ys_V_ram_U/p_0_in__0                     |                                                                                           |                2 |             32 |        16.00 |
|  ap_clk      | bd_0_i/hls_inst/inst/broadcast_1_1_2_8_1152_U0/internal_full_n_reg[0]                                         |                                                                                           |                8 |             32 |         4.00 |
|  ap_clk      | bd_0_i/hls_inst/inst/add_2_16_9_128_U0/buff_load_reg_3350                                                     |                                                                                           |               15 |             32 |         2.13 |
|  ap_clk      | bd_0_i/hls_inst/inst/add_2_16_9_128_U0/p_31_in                                                                |                                                                                           |                4 |             32 |         8.00 |
|  ap_clk      | bd_0_i/hls_inst/inst/mul_1_2_8_9_128_U0/ap_condition_215                                                      | bd_0_i/hls_inst/inst/mul_1_2_8_9_128_U0/xs_V_U/top_mul_1_2_8_9_128_s_xs_V_ram_U/SR[0]     |                5 |             32 |         6.40 |
|  ap_clk      | bd_0_i/hls_inst/inst/control_s_axi_U/rdata[31]_i_2_n_3                                                        | bd_0_i/hls_inst/inst/control_s_axi_U/rdata[31]_i_1_n_3                                    |               20 |             32 |         1.60 |
|  ap_clk      | bd_0_i/hls_inst/inst/mul_1_2_8_9_128_U0/ap_CS_fsm_pp0_stage2                                                  |                                                                                           |                7 |             32 |         4.57 |
|  ap_clk      | bd_0_i/hls_inst/inst/read_x_2_8_U0/E[0]                                                                       |                                                                                           |               11 |             32 |         2.91 |
|  ap_clk      | bd_0_i/hls_inst/inst/gmem1_m_axi_U/bus_write/bus_equal_gen.fifo_burst/wreq_handling_reg[0]                    | bd_0_i/hls_inst/inst/ap_rst_n_inv_repN_8                                                  |               23 |             33 |         1.43 |
|  ap_clk      | bd_0_i/hls_inst/inst/gmem_m_axi_U/bus_read/buff_rdata/pop                                                     | bd_0_i/hls_inst/inst/ap_rst_n_inv_repN_11                                                 |                7 |             33 |         4.71 |
|  ap_clk      | bd_0_i/hls_inst/inst/gmem1_m_axi_U/bus_write/bus_equal_gen.fifo_burst/next_wreq                               | bd_0_i/hls_inst/inst/ap_rst_n_inv_repN_8                                                  |               11 |             33 |         3.00 |
|  ap_clk      | bd_0_i/hls_inst/inst/gmem2_m_axi_U/bus_read/bus_wide_gen.fifo_burst/pop                                       | bd_0_i/hls_inst/inst/ap_rst_n_inv_repN_14                                                 |                7 |             33 |         4.71 |
|  ap_clk      | bd_0_i/hls_inst/inst/mul_1_2_8_9_128_U0/ap_condition_583                                                      |                                                                                           |                5 |             33 |         6.60 |
|  ap_clk      | bd_0_i/hls_inst/inst/gmem_m_axi_U/bus_read/fifo_rreq/next_rreq                                                | bd_0_i/hls_inst/inst/ap_rst_n_inv_repN_1                                                  |               11 |             35 |         3.18 |
|  ap_clk      | bd_0_i/hls_inst/inst/gmem_m_axi_U/bus_read/fifo_rctl/p_20_in                                                  | bd_0_i/hls_inst/inst/ap_rst_n_inv_repN_1                                                  |                9 |             35 |         3.89 |
|  ap_clk      | bd_0_i/hls_inst/inst/gmem1_m_axi_U/bus_write/fifo_wreq/empty_n_reg_0[0]                                       | bd_0_i/hls_inst/inst/ap_rst_n_inv_repN_8                                                  |                5 |             36 |         7.20 |
|  ap_clk      | bd_0_i/hls_inst/inst/serialize_2_16_128_U0/icmp_ln161_reg_1920                                                |                                                                                           |               11 |             37 |         3.36 |
|  ap_clk      |                                                                                                               | bd_0_i/hls_inst/inst/ap_rst_n_inv_repN_6                                                  |               13 |             38 |         2.92 |
|  ap_clk      | bd_0_i/hls_inst/inst/gmem2_m_axi_U/bus_read/bus_wide_gen.fifo_burst/could_multi_bursts.sect_handling_reg_2[0] | bd_0_i/hls_inst/inst/ap_rst_n_inv_repN_6                                                  |               15 |             39 |         2.60 |
|  ap_clk      | bd_0_i/hls_inst/inst/write_8_U0/push                                                                          | bd_0_i/hls_inst/inst/ap_rst_n_inv                                                         |                9 |             40 |         4.44 |
|  ap_clk      | bd_0_i/hls_inst/inst/gmem2_m_axi_U/bus_read/bus_wide_gen.fifo_burst/next_rreq                                 | bd_0_i/hls_inst/inst/ap_rst_n_inv_repN_6                                                  |               13 |             40 |         3.08 |
|  ap_clk      | bd_0_i/hls_inst/inst/gmem_m_axi_U/bus_read/fifo_rctl/could_multi_bursts.next_loop                             | bd_0_i/hls_inst/inst/ap_rst_n_inv_repN_1                                                  |               10 |             41 |         4.10 |
|  ap_clk      | bd_0_i/hls_inst/inst/gmem_m_axi_U/bus_read/buff_rdata/push                                                    | bd_0_i/hls_inst/inst/ap_rst_n_inv_repN_11                                                 |                9 |             41 |         4.56 |
|  ap_clk      | bd_0_i/hls_inst/inst/gmem2_m_axi_U/bus_read/buff_rdata/push                                                   | bd_0_i/hls_inst/inst/ap_rst_n_inv_repN_14                                                 |                9 |             41 |         4.56 |
|  ap_clk      | bd_0_i/hls_inst/inst/gmem2_m_axi_U/bus_read/bus_wide_gen.fifo_burst/could_multi_bursts.next_loop              | bd_0_i/hls_inst/inst/ap_rst_n_inv_repN_6                                                  |               10 |             44 |         4.40 |
|  ap_clk      | bd_0_i/hls_inst/inst/gmem1_m_axi_U/bus_write/buff_wdata/pop                                                   | bd_0_i/hls_inst/inst/ap_rst_n_inv_repN_21                                                 |                9 |             44 |         4.89 |
|  ap_clk      |                                                                                                               | bd_0_i/hls_inst/inst/ap_rst_n_inv_repN_16                                                 |               10 |             55 |         5.50 |
|  ap_clk      | bd_0_i/hls_inst/inst/y_c_U/U_top_fifo_w64_d8_S_ram/shiftReg_ce                                                |                                                                                           |                4 |             58 |        14.50 |
|  ap_clk      | bd_0_i/hls_inst/inst/write_8_U0/Q[0]                                                                          |                                                                                           |                4 |             58 |        14.50 |
|  ap_clk      | bd_0_i/hls_inst/inst/gmem1_m_axi_U/bus_write/rs_wreq/load_p1                                                  |                                                                                           |               23 |             58 |         2.52 |
|  ap_clk      | bd_0_i/hls_inst/inst/gmem1_m_axi_U/bus_write/rs_wreq/data_p2[57]_i_1_n_3                                      |                                                                                           |               23 |             58 |         2.52 |
|  ap_clk      | bd_0_i/hls_inst/inst/gmem1_m_axi_U/bus_write/bus_equal_gen.fifo_burst/p_26_in                                 | bd_0_i/hls_inst/inst/ap_rst_n_inv_repN_3                                                  |               17 |             59 |         3.47 |
|  ap_clk      |                                                                                                               | bd_0_i/hls_inst/inst/ap_rst_n_inv_repN_5                                                  |                6 |             61 |        10.17 |
|  ap_clk      | bd_0_i/hls_inst/inst/gmem1_m_axi_U/bus_write/fifo_resp/push                                                   | bd_0_i/hls_inst/inst/ap_rst_n_inv_repN_3                                                  |               19 |             62 |         3.26 |
|  ap_clk      | bd_0_i/hls_inst/inst/gmem2_m_axi_U/bus_read/rs_rreq/load_p1                                                   |                                                                                           |               31 |             63 |         2.03 |
|  ap_clk      | bd_0_i/hls_inst/inst/read_x_2_8_U0/Q[0]                                                                       |                                                                                           |               29 |             63 |         2.17 |
|  ap_clk      | bd_0_i/hls_inst/inst/mul_1_2_8_9_128_U0/ap_condition_583                                                      | bd_0_i/hls_inst/inst/mul_1_2_8_9_128_U0/ap_phi_reg_pp0_iter0_free_slots_1_reg_228         |               14 |             63 |         4.50 |
|  ap_clk      | bd_0_i/hls_inst/inst/read_x_2_8_U0/D[0]                                                                       |                                                                                           |               31 |             63 |         2.03 |
|  ap_clk      | bd_0_i/hls_inst/inst/gmem_m_axi_U/bus_read/rs_rreq/load_p1                                                    |                                                                                           |               35 |             64 |         1.83 |
|  ap_clk      |                                                                                                               | bd_0_i/hls_inst/inst/ap_rst_n_inv_repN_14                                                 |               30 |             64 |         2.13 |
|  ap_clk      | bd_0_i/hls_inst/inst/read_w_1_8_U0/Q[0]                                                                       |                                                                                           |               33 |             64 |         1.94 |
|  ap_clk      | bd_0_i/hls_inst/inst/gmem_m_axi_U/bus_read/fifo_rreq/next_rreq                                                | bd_0_i/hls_inst/inst/ap_rst_n_inv_repN_12                                                 |                8 |             64 |         8.00 |
|  ap_clk      | bd_0_i/hls_inst/inst/read_w_1_8_U0/D[0]                                                                       |                                                                                           |               36 |             64 |         1.78 |
|  ap_clk      | bd_0_i/hls_inst/inst/mul_1_2_8_9_128_U0/internal_full_n_reg_0[0]                                              |                                                                                           |               12 |             64 |         5.33 |
|  ap_clk      | bd_0_i/hls_inst/inst/add_2_16_9_128_U0/internal_full_n_reg[0]                                                 |                                                                                           |               19 |             64 |         3.37 |
|  ap_clk      | bd_0_i/hls_inst/inst/mul_1_2_8_9_128_U0/ap_phi_mux_num_reads_phi_fu_208_p41                                   | bd_0_i/hls_inst/inst/mul_1_2_8_9_128_U0/num_reads_reg_204                                 |               16 |             64 |         4.00 |
|  ap_clk      | bd_0_i/hls_inst/inst/merge_1_2_16_128_U0/E[0]                                                                 |                                                                                           |               22 |             64 |         2.91 |
|  ap_clk      | bd_0_i/hls_inst/inst/gmem1_m_axi_U/bus_write/bus_equal_gen.fifo_burst/next_wreq                               | bd_0_i/hls_inst/inst/ap_rst_n_inv_repN_9                                                  |               13 |             65 |         5.00 |
|  ap_clk      | bd_0_i/hls_inst/inst/gmem2_m_axi_U/bus_read/bus_wide_gen.fifo_burst/next_rreq                                 | bd_0_i/hls_inst/inst/ap_rst_n_inv_repN                                                    |               11 |             66 |         6.00 |
|  ap_clk      | bd_0_i/hls_inst/inst/gmem1_m_axi_U/bus_write/buff_wdata/pop                                                   | bd_0_i/hls_inst/inst/ap_rst_n_inv_repN_23                                                 |               16 |             68 |         4.25 |
|  ap_clk      | bd_0_i/hls_inst/inst/gmem1_m_axi_U/bus_write/buff_wdata/pop                                                   | bd_0_i/hls_inst/inst/ap_rst_n_inv_repN_18                                                 |               19 |             68 |         3.58 |
|  ap_clk      | bd_0_i/hls_inst/inst/write_8_U0/push                                                                          | bd_0_i/hls_inst/inst/ap_rst_n_inv_repN_18                                                 |               19 |             69 |         3.63 |
|  ap_clk      | bd_0_i/hls_inst/inst/write_8_U0/push                                                                          | bd_0_i/hls_inst/inst/ap_rst_n_inv_repN_21                                                 |               13 |             72 |         5.54 |
|  ap_clk      | bd_0_i/hls_inst/inst/gmem1_m_axi_U/bus_write/buff_wdata/pop                                                   | bd_0_i/hls_inst/inst/ap_rst_n_inv                                                         |               16 |             78 |         4.88 |
|  ap_clk      |                                                                                                               | bd_0_i/hls_inst/inst/ap_rst_n_inv_repN                                                    |               14 |             79 |         5.64 |
|  ap_clk      | bd_0_i/hls_inst/inst/gmem1_m_axi_U/bus_write/buff_wdata/pop                                                   | bd_0_i/hls_inst/inst/ap_rst_n_inv_repN_19                                                 |               21 |             86 |         4.10 |
|  ap_clk      | bd_0_i/hls_inst/inst/gmem1_m_axi_U/bus_write/buff_wdata/pop                                                   | bd_0_i/hls_inst/inst/ap_rst_n_inv_repN_17                                                 |               20 |             92 |         4.60 |
|  ap_clk      | bd_0_i/hls_inst/inst/write_8_U0/push                                                                          | bd_0_i/hls_inst/inst/ap_rst_n_inv_repN_17                                                 |               16 |             93 |         5.81 |
|  ap_clk      | bd_0_i/hls_inst/inst/write_8_U0/push                                                                          | bd_0_i/hls_inst/inst/ap_rst_n_inv_repN_15                                                 |               15 |             93 |         6.20 |
|  ap_clk      | bd_0_i/hls_inst/inst/write_8_U0/push                                                                          | bd_0_i/hls_inst/inst/ap_rst_n_inv_repN_19                                                 |               19 |             93 |         4.89 |
|  ap_clk      | bd_0_i/hls_inst/inst/mul_1_2_8_9_128_U0/free_slots_1_reg_2280                                                 |                                                                                           |               22 |             96 |         4.36 |
|  ap_clk      | bd_0_i/hls_inst/inst/gmem1_m_axi_U/bus_write/buff_wdata/pop                                                   | bd_0_i/hls_inst/inst/ap_rst_n_inv_repN_15                                                 |               26 |             98 |         3.77 |
|  ap_clk      | bd_0_i/hls_inst/inst/x0_c_U/U_top_fifo_w64_d2_S_ram/internal_full_n_reg                                       |                                                                                           |               43 |            126 |         2.93 |
|  ap_clk      | bd_0_i/hls_inst/inst/control_s_axi_U/shiftReg_ce                                                              |                                                                                           |               51 |            128 |         2.51 |
|  ap_clk      |                                                                                                               |                                                                                           |               81 |            135 |         1.67 |
|  ap_clk      | bd_0_i/hls_inst/inst/gmem1_m_axi_U/bus_write/rs_wreq/push                                                     |                                                                                           |               59 |            177 |         3.00 |
|  ap_clk      | bd_0_i/hls_inst/inst/gmem2_m_axi_U/bus_read/fifo_rreq/push                                                    |                                                                                           |               64 |            192 |         3.00 |
|  ap_clk      | bd_0_i/hls_inst/inst/gmem_m_axi_U/bus_read/fifo_rreq/push                                                     |                                                                                           |               66 |            198 |         3.00 |
|  ap_clk      | bd_0_i/hls_inst/inst/gmem1_m_axi_U/bus_write/buff_wdata/p_30_in                                               |                                                                                           |              114 |            512 |         4.49 |
|  ap_clk      | bd_0_i/hls_inst/inst/serialize_2_16_128_U0/p_5_in                                                             |                                                                                           |              258 |            512 |         1.98 |
|  ap_clk      | bd_0_i/hls_inst/inst/write_8_U0/tmp_reg_1610                                                                  |                                                                                           |              265 |            512 |         1.93 |
|  ap_clk      | bd_0_i/hls_inst/inst/serialize_2_16_128_U0/shiftReg_ce                                                        |                                                                                           |              272 |           1024 |         3.76 |
+--------------+---------------------------------------------------------------------------------------------------------------+-------------------------------------------------------------------------------------------+------------------+----------------+--------------+


