

================================================================
== Synthesis Summary Report of 'top'
================================================================
+ General Information: 
    * Date:           Thu Apr 28 15:57:48 2022
    * Version:        2020.2 (Build 3064766 on Wed Nov 18 09:12:47 MST 2020)
    * Project:        prueba_booth
    * Solution:       solution1 (Vitis Kernel Flow Target)
    * Product family: virtexuplus
    * Target device:  xcu200-fsgd2104-2-e
    

+ Performance & Resource Estimates: 
    
    PS: '+' for module; 'o' for loop; '*' for dataflow
    +----------------------------------------+------+-------+---------+-----------+----------+---------+------+----------+----------+---------+------------+------------+---------+
    |                 Modules                | Issue|       | Latency |  Latency  | Iteration|         | Trip |          |          |         |            |            |         |
    |                 & Loops                | Type | Slack | (cycles)|    (ns)   |  Latency | Interval| Count| Pipelined|   BRAM   |   DSP   |     FF     |     LUT    |   URAM  |
    +----------------------------------------+------+-------+---------+-----------+----------+---------+------+----------+----------+---------+------------+------------+---------+
    |+ top*                                  |     -|  -0.00|     4747|  1.581e+04|         -|     4673|     -|  dataflow|  34 (~0%)|  1 (~0%)|  6924 (~0%)|  13658 (1%)|  1 (~0%)|
    | + grp_serialize_2_16_128_s_fu_204      |     -|  -0.05|      131|    436.230|         -|      131|     -|        no|         -|        -|   601 (~0%)|  6053 (~0%)|        -|
    |  o VITIS_LOOP_154_3                    |     -|  -2.43|      129|    429.570|         3|        1|   128|       yes|         -|        -|           -|           -|        -|
    | + grp_write_8_s_fu_210                 |     -|  -0.00|       79|    263.070|         -|       79|     -|        no|         -|        -|   651 (~0%)|   441 (~0%)|        -|
    |  o VITIS_LOOP_417_1                    |     -|  -2.43|        9|     29.970|         3|        1|     8|       yes|         -|        -|           -|           -|        -|
    | + grp_mul_1_2_8_9_128_s_fu_218         |     -|  -0.18|     4672|  1.556e+04|         -|     4672|     -|        no|         -|  1 (~0%)|   458 (~0%)|   682 (~0%)|        -|
    |  + grp_last_swap_8_s_fu_288            |     -|  -0.77|        1|      3.330|         -|        1|     -|       yes|         -|        -|     2 (~0%)|    24 (~0%)|        -|
    |  + swap_2_first_swap_8_s_fu_295        |     -|  -0.88|        0|      0.000|         -|        1|     -|       yes|         -|        -|           -|    27 (~0%)|        -|
    |  o num_its1_loop                       |     -|  -2.43|     4671|  1.555e+04|       519|        -|     9|        no|         -|        -|           -|           -|        -|
    |   o mult_loop                          |    II|  -2.43|      516|  1.718e+03|         9|        4|   128|       yes|         -|        -|           -|           -|        -|
    | + grp_add_2_16_9_128_s_fu_225          |     -|  -0.00|     1417|  4.719e+03|         -|     1417|     -|        no|         -|        -|   253 (~0%)|   436 (~0%)|  1 (~0%)|
    |  o VITIS_LOOP_372_1                    |     -|  -2.43|      128|    426.240|         1|        1|   128|       yes|         -|        -|           -|           -|        -|
    |  o VITIS_LOOP_374_2_VITIS_LOOP_375_3   |     -|  -2.43|     1154|  3.843e+03|         4|        1|  1152|       yes|         -|        -|           -|           -|        -|
    |  o VITIS_LOOP_394_5                    |     -|  -2.43|      129|    429.570|         3|        1|   128|       yes|         -|        -|           -|           -|        -|
    | + grp_read_x_2_8_s_fu_231              |     -|  -0.00|     1819|  6.057e+03|         -|     1819|     -|        no|         -|        -|   177 (~0%)|   493 (~0%)|        -|
    |  o VITIS_LOOP_61_1                     |     -|  -2.43|     1818|  6.054e+03|       202|        -|     9|        no|         -|        -|           -|           -|        -|
    |   o VITIS_LOOP_62_2                    |     -|  -2.43|      129|    429.570|         3|        1|   128|       yes|         -|        -|           -|           -|        -|
    | + grp_broadcast_1_1_2_8_1152_s_fu_239  |     -|  -0.00|     1154|  3.843e+03|         -|     1154|     -|        no|         -|        -|    18 (~0%)|   109 (~0%)|        -|
    |  o VITIS_LOOP_105_1                    |     -|  -2.43|     1152|  3.836e+03|         2|        1|  1152|       yes|         -|        -|           -|           -|        -|
    | + grp_read_w_1_8_s_fu_245              |     -|  -0.00|       82|    273.060|         -|       82|     -|        no|         -|        -|   156 (~0%)|   452 (~0%)|        -|
    |  o VITIS_LOOP_35_1                     |     -|  -2.43|       10|     33.300|         3|        1|     9|       yes|         -|        -|           -|           -|        -|
    | + grp_merge_1_2_16_128_s_fu_253        |     -|  -0.00|      130|    432.900|         -|      130|     -|        no|         -|        -|    16 (~0%)|   115 (~0%)|        -|
    |  o VITIS_LOOP_404_2                    |     -|  -2.43|      128|    426.240|         2|        1|   128|       yes|         -|        -|           -|           -|        -|
    | + grp_split_1_1_8_9_s_fu_259           |     -|  -0.00|       11|     36.630|         -|       11|     -|        no|         -|        -|    12 (~0%)|   110 (~0%)|        -|
    |  o VITIS_LOOP_87_1                     |     -|  -2.43|        9|     29.970|         2|        1|     9|       yes|         -|        -|           -|           -|        -|
    | + call_ln426_top_entry64_fu_265        |     -|  -1.22|        0|      0.000|         -|        0|     -|        no|         -|        -|     3 (~0%)|    47 (~0%)|        -|
    +----------------------------------------+------+-------+---------+-----------+----------+---------+------+----------+----------+---------+------------+------------+---------+

