

================================================================
== Vitis HLS Report for 'serialize_2_16_128_s'
================================================================
* Date:           Thu Apr 28 15:57:44 2022

* Version:        2020.2 (Build 3064766 on Wed Nov 18 09:12:47 MST 2020)
* Project:        prueba_booth
* Solution:       solution1 (Vitis Kernel Flow Target)
* Product family: virtexuplus
* Target device:  xcu200-fsgd2104-2-e


================================================================
== Performance Estimates
================================================================
+ Timing: 
    * Summary: 
    +--------+---------+----------+------------+
    |  Clock |  Target | Estimated| Uncertainty|
    +--------+---------+----------+------------+
    |ap_clk  |  3.33 ns|  2.383 ns|     0.90 ns|
    +--------+---------+----------+------------+

+ Latency: 
    * Summary: 
    +---------+---------+----------+----------+-----+-----+---------+
    |  Latency (cycles) |  Latency (absolute) |  Interval | Pipeline|
    |   min   |   max   |    min   |    max   | min | max |   Type  |
    +---------+---------+----------+----------+-----+-----+---------+
    |      131|      131|  0.436 us|  0.436 us|  131|  131|     none|
    +---------+---------+----------+----------+-----+-----+---------+

    + Detail: 
        * Instance: 
        N/A

        * Loop: 
        +--------------------+---------+---------+----------+-----------+-----------+------+----------+
        |                    |  Latency (cycles) | Iteration|  Initiation Interval  | Trip |          |
        |      Loop Name     |   min   |   max   |  Latency |  achieved |   target  | Count| Pipelined|
        +--------------------+---------+---------+----------+-----------+-----------+------+----------+
        |- VITIS_LOOP_154_3  |      129|      129|         3|          1|          1|   128|       yes|
        +--------------------+---------+---------+----------+-----------+-----------+------+----------+



================================================================
== Utilization Estimates
================================================================
* Summary: 
+---------------------+---------+------+---------+---------+-----+
|         Name        | BRAM_18K|  DSP |    FF   |   LUT   | URAM|
+---------------------+---------+------+---------+---------+-----+
|DSP                  |        -|     -|        -|        -|    -|
|Expression           |        -|     -|        0|     5970|    -|
|FIFO                 |        -|     -|        -|        -|    -|
|Instance             |        -|     -|        -|        -|    -|
|Memory               |        -|     -|        -|        -|    -|
|Multiplexer          |        -|     -|        -|       83|    -|
|Register             |        -|     -|      601|        -|    -|
+---------------------+---------+------+---------+---------+-----+
|Total                |        0|     0|      601|     6053|    0|
+---------------------+---------+------+---------+---------+-----+
|Available SLR        |     1440|  2280|   788160|   394080|  320|
+---------------------+---------+------+---------+---------+-----+
|Utilization SLR (%)  |        0|     0|       ~0|        1|    0|
+---------------------+---------+------+---------+---------+-----+
|Available            |     4320|  6840|  2364480|  1182240|  960|
+---------------------+---------+------+---------+---------+-----+
|Utilization (%)      |        0|     0|       ~0|       ~0|    0|
+---------------------+---------+------+---------+---------+-----+

+ Detail: 
    * Instance: 
    N/A

    * DSP: 
    N/A

    * Memory: 
    N/A

    * FIFO: 
    N/A

    * Expression: 
    +----------------------------------+----------+----+---+------+------------+------------+
    |           Variable Name          | Operation| DSP| FF|  LUT | Bitwidth P0| Bitwidth P1|
    +----------------------------------+----------+----+---+------+------------+------------+
    |first_bit_fu_98_p2                |         +|   0|  0|    39|          32|           6|
    |i_2_fu_79_p2                      |         +|   0|  0|    15|           8|           1|
    |and_ln414_fu_133_p2               |       and|   0|  0|   511|         512|         512|
    |ap_block_state4_pp0_stage0_iter2  |       and|   0|  0|     2|           1|           1|
    |icmp_ln154_fu_85_p2               |      icmp|   0|  0|    11|           8|           9|
    |icmp_ln161_fu_104_p2              |      icmp|   0|  0|    20|          32|          10|
    |ap_block_pp0_stage0_01001         |        or|   0|  0|     2|           1|           1|
    |ap_block_state1                   |        or|   0|  0|     2|           1|           1|
    |out_r_din                         |        or|   0|  0|   511|         512|         512|
    |shl_ln414_1_fu_142_p2             |       shl|   0|  0|  2171|         512|         512|
    |shl_ln414_fu_121_p2               |       shl|   0|  0|  2171|          32|         512|
    |ap_enable_pp0                     |       xor|   0|  0|     2|           1|           2|
    |ap_enable_reg_pp0_iter1           |       xor|   0|  0|     2|           2|           1|
    |xor_ln414_fu_127_p2               |       xor|   0|  0|   511|         512|           2|
    +----------------------------------+----------+----+---+------+------------+------------+
    |Total                             |          |   0|  0|  5970|        2166|        2082|
    +----------------------------------+----------+----+---+------+------------+------------+

    * Multiplexer: 
    +-------------------------+----+-----------+-----+-----------+
    |           Name          | LUT| Input Size| Bits| Total Bits|
    +-------------------------+----+-----------+-----+-----------+
    |ap_NS_fsm                |  20|          4|    1|          4|
    |ap_done                  |   9|          2|    1|          2|
    |ap_enable_reg_pp0_iter1  |   9|          2|    1|          2|
    |ap_enable_reg_pp0_iter2  |   9|          2|    1|          2|
    |first_fu_46              |   9|          2|   32|         64|
    |i_reg_63                 |   9|          2|    8|         16|
    |in_r_blk_n               |   9|          2|    1|          2|
    |out_r_blk_n              |   9|          2|    1|          2|
    +-------------------------+----+-----------+-----+-----------+
    |Total                    |  83|         18|   46|         94|
    +-------------------------+----+-----------+-----+-----------+

    * Register: 
    +-------------------------+-----+----+-----+-----------+
    |           Name          |  FF | LUT| Bits| Const Bits|
    +-------------------------+-----+----+-----+-----------+
    |ap_CS_fsm                |    3|   0|    3|          0|
    |ap_done_reg              |    1|   0|    1|          0|
    |ap_enable_reg_pp0_iter0  |    1|   0|    1|          0|
    |ap_enable_reg_pp0_iter1  |    1|   0|    1|          0|
    |ap_enable_reg_pp0_iter2  |    1|   0|    1|          0|
    |first_fu_46              |   32|   0|   32|          0|
    |i_reg_63                 |    8|   0|    8|          0|
    |icmp_ln161_reg_192       |    1|   0|    1|          0|
    |p_Val2_s_fu_42           |  512|   0|  512|          0|
    |px_in_V_reg_182          |   32|   0|   32|          0|
    |trunc_ln414_reg_187      |    9|   0|    9|          0|
    +-------------------------+-----+----+-----+-----------+
    |Total                    |  601|   0|  601|          0|
    +-------------------------+-----+----+-----+-----------+



================================================================
== Interface
================================================================
* Summary: 
+--------------+-----+-----+------------+-----------------------+--------------+
|   RTL Ports  | Dir | Bits|  Protocol  |     Source Object     |    C Type    |
+--------------+-----+-----+------------+-----------------------+--------------+
|ap_clk        |   in|    1|  ap_ctrl_hs|  serialize<2, 16, 128>|  return value|
|ap_rst        |   in|    1|  ap_ctrl_hs|  serialize<2, 16, 128>|  return value|
|ap_start      |   in|    1|  ap_ctrl_hs|  serialize<2, 16, 128>|  return value|
|ap_done       |  out|    1|  ap_ctrl_hs|  serialize<2, 16, 128>|  return value|
|ap_continue   |   in|    1|  ap_ctrl_hs|  serialize<2, 16, 128>|  return value|
|ap_idle       |  out|    1|  ap_ctrl_hs|  serialize<2, 16, 128>|  return value|
|ap_ready      |  out|    1|  ap_ctrl_hs|  serialize<2, 16, 128>|  return value|
|in_r_dout     |   in|   32|     ap_fifo|                   in_r|       pointer|
|in_r_empty_n  |   in|    1|     ap_fifo|                   in_r|       pointer|
|in_r_read     |  out|    1|     ap_fifo|                   in_r|       pointer|
|out_r_din     |  out|  512|     ap_fifo|                  out_r|       pointer|
|out_r_full_n  |   in|    1|     ap_fifo|                  out_r|       pointer|
|out_r_write   |  out|    1|     ap_fifo|                  out_r|       pointer|
+--------------+-----+-----+------------+-----------------------+--------------+

